[06:46:39.399 *] Loading config file: D:\Program Files\OpenMW 0.51.0\openmw.cfg
[06:46:39.404 *] Loading config file: D:\Backups\OneDrive\All\Documents\My Games\OpenMW\dev\openmw.cfg
[06:46:39.414 *] Logs dir: D:\Backups\OneDrive\All\Documents\My Games\OpenMW\dev
[06:46:39.415 *] User data dir: D:\Backups\OneDrive\All\Documents\My Games\OpenMW\dev
[06:46:39.415 *] Screenshots dir: D:\Backups\OneDrive\All\Documents\My Games\OpenMW\dev\screenshots
[06:46:39.416 I] OpenMW version 0.51.0
[06:46:39.416 I] Revision: f4bec41444
[06:46:39.418 I] Loading settings file: D:\Program Files\OpenMW 0.51.0\defaults.bin
[06:46:39.421 I] Loading settings file: D:\Backups\OneDrive\All\Documents\My Games\OpenMW\dev\settings.cfg
[06:46:39.423 I] Using default (English) font encoding.
[06:46:39.424 W] No such dir: D:\Backups\OneDrive\All\Documents\My Games\OpenMW/data
[06:46:39.438 I] OSG version: 3.6.5
[06:46:39.439 I] SDL version: 2.32.10
[06:46:39.439 I] Loading shader settings file: D:\Backups\OneDrive\All\Documents\My Games\OpenMW\dev\shaders.yaml
[06:46:39.834 I] OpenGL Vendor: NVIDIA Corporation
[06:46:39.837 I] OpenGL Renderer: NVIDIA GeForce GTX 1660 SUPER/PCIe/SSE2
[06:46:39.837 I] OpenGL Version: 4.6.0 NVIDIA 610.74
[06:46:39.838 I] Using reverse-z depth buffer
[06:46:39.840 I] Adding BSA archive D:\ProgramFiles\Steam\steamapps\common\Morrowind\Data Files\Morrowind.bsa
[06:46:39.849 I] Adding BSA archive D:\ProgramFiles\Steam\steamapps\common\Morrowind\Data Files\Tribunal.bsa
[06:46:39.852 I] Adding BSA archive D:\ProgramFiles\Steam\steamapps\common\Morrowind\Data Files\Bloodmoon.bsa
[06:46:39.854 I] Adding data directory D:\Program Files\OpenMW 0.51.0\./resources\vfs
[06:46:39.862 I] Adding data directory D:\Program Files\OpenMW 0.51.0\./resources/vfs-mw
[06:46:39.865 I] Adding data directory D:\ProgramFiles\Steam\steamapps\common\Morrowind\Data Files
[06:46:39.904 I] Adding data directory D:\Work\Morrowind reborn\mod
[06:46:39.915 I] Preferred locales: gmst en
[06:46:39.916 I] Initializing LuaUtil::LuaState without profiler
[06:46:39.917 I] Lua version: Lua 5.1.4 (LuaJIT 2.1.1767980792)
[06:46:39.918 I] Loading keybindings file: D:\Backups\OneDrive\All\Documents\My Games\OpenMW\dev\input_v3.xml
[06:46:39.921 I] Loading bitmap font file fonts/magic_cards_regular.fnt
[06:46:39.931 I] Loading bitmap font file fonts/daedric_font.fnt
[06:46:39.939 I] Loading TrueType font file fonts/dejavulgcsansmono.omwfont
[06:46:40.007 I] Detected game controller: Controller (XUSB Gamepad)
[06:46:40.008 I] Initializing OpenAL...
[06:46:40.023 I] Opened "OpenAL Soft on Speakers (High Definition Audio Device)"
[06:46:40.024 I]   ALC Version: 1.1
[06:46:40.024 I]   ALC Extensions: ALC_ENUMERATE_ALL_EXT ALC_ENUMERATION_EXT ALC_EXT_CAPTURE ALC_EXT_debug ALC_EXT_DEDICATED ALC_EXT_direct_context ALC_EXT_disconnect ALC_EXT_EFX ALC_EXT_thread_local_context ALC_SOFT_device_clock ALC_SOFT_HRTF ALC_SOFT_loopback ALC_SOFT_loopback_bformat ALC_SOFT_output_limiter ALC_SOFT_output_mode ALC_SOFT_pause_device ALC_SOFT_reopen_device ALC_SOFT_system_events
[06:46:40.053 I]   Vendor: OpenAL Community
[06:46:40.053 I]   Renderer: OpenAL Soft
[06:46:40.053 I]   Version: 1.1 ALSOFT 
[06:46:40.053 I]   Extensions: EAX EAX2.0 EAX3.0 EAX4.0 EAX5.0 EAX-RAM AL_EXT_ALAW AL_EXT_BFORMAT AL_EXT_debug AL_EXT_direct_context AL_EXT_DOUBLE AL_EXT_EXPONENT_DISTANCE AL_EXT_FLOAT32 AL_EXT_IMA4 AL_EXT_LINEAR_DISTANCE AL_EXT_MCFORMATS AL_EXT_MULAW AL_EXT_MULAW_BFORMAT AL_EXT_MULAW_MCFORMATS AL_EXT_OFFSET AL_EXT_source_distance_model AL_EXT_SOURCE_RADIUS AL_EXT_STATIC_BUFFER AL_EXT_STEREO_ANGLES AL_LOKI_quadriphonic AL_SOFT_bformat_ex AL_SOFT_bformat_hoa AL_SOFT_block_alignment AL_SOFT_buffer_length_query AL_SOFT_callback_buffer AL_SOFTX_convolution_effect AL_SOFT_deferred_updates AL_SOFT_direct_channels AL_SOFT_direct_channels_remix AL_SOFT_effect_target AL_SOFT_events AL_SOFT_gain_clamp_ex AL_SOFTX_hold_on_disconnect AL_SOFT_loop_points AL_SOFTX_map_buffer AL_SOFT_MSADPCM AL_SOFT_source_latency AL_SOFT_source_length AL_SOFTX_source_panning AL_SOFT_source_resampler AL_SOFT_source_spatialize AL_SOFT_source_start_delay AL_SOFT_UHJ AL_SOFT_UHJ_ex
[06:46:40.056 I] HRTF disabled
[06:46:40.057 V] Using idle priority for thread=7912
[06:46:40.057 I] Allocated 256 sound sources
[06:46:40.058 I] Low-pass filter supported
[06:46:40.058 I] EAX Reverb supported
[06:46:40.059 I] Enumerated output devices:
[06:46:40.059 I]   OpenAL Soft on Speakers (High Definition Audio Device)  OpenAL Soft on Speakers (Steam Streaming Microphone)  OpenAL Soft on Speakers (Steam Streaming Speakers)
[06:46:40.061 I] Enumerated HRTF names:
[06:46:40.061 I]   Built-In HRTF
[06:46:40.067 I] Loading Lua storage "D:\Backups\OneDrive\All\Documents\My Games\OpenMW\dev\global_storage.bin" (140 bytes)
[06:46:40.069 I] Loading Lua storage "D:\Backups\OneDrive\All\Documents\My Games\OpenMW\dev\player_storage.bin" (817 bytes)
[06:46:40.080 I] Loading content file builtin.omwscripts
[06:46:40.082 I] Loading content file Morrowind.esm
[06:46:40.094 I] Unhandled SDL event of type 0x607
[06:46:40.618 I] Loading content file Tribunal.esm
[06:46:40.684 I] Loading content file Bloodmoon.esm
[06:46:40.769 I] Loading content file wo1-bookname.omwscripts
[06:46:40.770 I] Loading groundcover:
[06:46:40.770 I] Loading ESM data...
[06:46:40.771 I] Loaded 0 cells, 0 statics,
[06:46:40.772 I] Prepared 0 unique cells, 0 unique statics,
[06:46:40.774 V] Lua scripts configuration (27 scripts):
[06:46:40.775 V] #0 MENU PLAYER : scripts/omw/mwui/init.lua
[06:46:40.777 V] #1 MENU : scripts/omw/settings/menu.lua
[06:46:40.777 V] #2 PLAYER : scripts/omw/settings/player.lua
[06:46:40.778 V] #3 GLOBAL : scripts/omw/settings/global.lua
[06:46:40.779 V] #4 GLOBAL : scripts/omw/activationhandlers.lua
[06:46:40.779 V] #5 GLOBAL : scripts/omw/usehandlers.lua
[06:46:40.780 V] #6 GLOBAL : scripts/omw/worldeventhandlers.lua
[06:46:40.781 V] #7 GLOBAL : scripts/omw/crimes.lua
[06:46:40.781 V] #8 PLAYER CREATURE NPC : scripts/omw/mechanics/animationcontroller.lua
[06:46:40.782 V] #9 PLAYER : scripts/omw/skillhandlers.lua
[06:46:40.783 V] #a PLAYER : scripts/omw/mechanics/playercontroller.lua
[06:46:40.784 V] #b MENU : scripts/omw/camera/settings.lua
[06:46:40.784 V] #c MENU : scripts/omw/input/settings.lua
[06:46:40.785 V] #d PLAYER : scripts/omw/input/playercontrols.lua
[06:46:40.786 V] #e PLAYER : scripts/omw/camera/camera.lua
[06:46:40.787 V] #f PLAYER : scripts/omw/input/actionbindings.lua
[06:46:40.788 V] #10 PLAYER : scripts/omw/input/smoothmovement.lua
[06:46:40.788 V] #11 PLAYER : scripts/omw/input/gamepadcontrols.lua
[06:46:40.789 V] #12 NPC CREATURE : scripts/omw/ai.lua
[06:46:40.790 V] #13 GLOBAL : scripts/omw/mechanics/globalcontroller.lua
[06:46:40.791 V] #14 PLAYER CREATURE NPC : scripts/omw/mechanics/actorcontroller.lua
[06:46:40.791 V] #15 PLAYER NPC CREATURE : scripts/omw/combat/interface.lua
[06:46:40.792 V] #16 PLAYER : scripts/omw/ui.lua
[06:46:40.793 V] #17 MENU : scripts/omw/console/menu.lua
[06:46:40.794 V] #18 PLAYER : scripts/omw/console/player.lua
[06:46:40.794 V] #19 GLOBAL : scripts/omw/console/global.lua
[06:46:40.795 V] #1a CUSTOM : scripts/omw/console/local.lua
[06:46:40.796 V] #1b NPC CREATURE : scripts/omw/music/actor.lua
[06:46:40.797 V] #1c GLOBAL : scripts/omw/cellhandlers.lua
[06:46:40.797 V] #1d GLOBAL : scripts/omw/combat/global.lua
[06:46:40.798 V] #1e MENU : scripts/omw/combat/menu.lua
[06:46:40.799 V] #1f PLAYER NPC CREATURE : scripts/omw/combat/local.lua
[06:46:40.800 V] #20 PLAYER : scripts/omw/music/music.lua
[06:46:40.801 V] #21 MENU : scripts/omw/music/settings.lua
[06:46:40.802 V] #22 PLAYER : scripts/omw/playerskillhandlers.lua
[06:46:40.802 V] #23 LOAD : scripts/omw/esmfallbacks.lua
[06:46:40.803 V] #24 LOAD : scripts/wo1/bookname_load.lua
[06:46:40.804 V] #25 GLOBAL : scripts/wo1/bookname_readback.lua
[06:46:40.805 V] #26 PLAYER : scripts/wo1/bookname_hud.lua
[06:46:40.809 I] Load[scripts/wo1/bookname_load.lua]:	[WO1] 
[06:46:40.810 I] Load[scripts/wo1/bookname_load.lua]:	[WO1] ###############################################
[06:46:40.810 I] Load[scripts/wo1/bookname_load.lua]:	[WO1] # WORK ORDER 1 -- book name and render probe  #
[06:46:40.811 I] Load[scripts/wo1/bookname_load.lua]:	[WO1] # Layer 1: writes from the LOAD context       #
[06:46:40.811 I] Load[scripts/wo1/bookname_load.lua]:	[WO1] ###############################################
[06:46:40.812 I] Load[scripts/wo1/bookname_load.lua]:	[WO1] 
[06:46:40.813 I] Load[scripts/wo1/bookname_load.lua]:	[WO1] target book: bk_BriefHistoryEmpire1
[06:46:40.813 I] Load[scripts/wo1/bookname_load.lua]:	[WO1] 
[06:46:40.814 I] Load[scripts/wo1/bookname_load.lua]:	[WO1] === P1  BOOK name ===
[06:46:40.815 I] Load[scripts/wo1/bookname_load.lua]:	[WO1]   old name  : Brief History of the Empire v 1
[06:46:40.816 I] Load[scripts/wo1/bookname_load.lua]:	[WO1]   sentinel  : PROBE_BOOKNAME_OK
[06:46:40.816 I] Load[scripts/wo1/bookname_load.lua]:	[WO1]   RESULT P1 : WRITE_OK  write_ok=true readback_load=true
[06:46:40.817 I] Load[scripts/wo1/bookname_load.lua]:	[WO1] 
[06:46:40.818 I] Load[scripts/wo1/bookname_load.lua]:	[WO1] === P2  BOOK text, substring substitution ===
[06:46:40.818 I] Load[scripts/wo1/bookname_load.lua]:	[WO1]   rule      : substitute inside the field, never replace the field
[06:46:40.819 I] Load[scripts/wo1/bookname_load.lua]:	[WO1]   old length: 5403
[06:46:40.820 I] Load[scripts/wo1/bookname_load.lua]:	[WO1]   old head  : <DIV ALIGN="CENTER"><FONT COLOR="000000" SIZE="3" FACE="Magi ...(5403 chars)
[06:46:40.821 I] Load[scripts/wo1/bookname_load.lua]:	[WO1]   "Empire" before: 2  "Domain" before: 0
[06:46:40.821 I] Load[scripts/wo1/bookname_load.lua]:	[WO1]   heading found: 1 x  "A Brief History of the Empire"
[06:46:40.822 I] Load[scripts/wo1/bookname_load.lua]:	[WO1]   new length: 5403 (delta 0)
[06:46:40.823 I] Load[scripts/wo1/bookname_load.lua]:	[WO1]   "Empire" after : 0  "Domain" after : 2
[06:46:40.823 I] Load[scripts/wo1/bookname_load.lua]:	[WO1]   marker now: 1 x  "PROBE TEXT OK -- Domain Hist."
[06:46:40.824 I] Load[scripts/wo1/bookname_load.lua]:	[WO1]   head now  : <DIV ALIGN="CENTER"><FONT COLOR="000000" SIZE="3" FACE="Magi ...(5403 chars)
[06:46:40.825 I] Load[scripts/wo1/bookname_load.lua]:	[WO1]   RESULT P2 : WRITE_OK  write_ok=true readback_load=true
[06:46:40.825 I] Load[scripts/wo1/bookname_load.lua]:	[WO1]   NOTE      : the log cannot say whether the PAGE renders.
[06:46:40.827 I] Load[scripts/wo1/bookname_load.lua]:	[WO1]               Open the book in game. Page one should open with
[06:46:40.827 I] Load[scripts/wo1/bookname_load.lua]:	[WO1]               "PROBE TEXT OK -- Domain Hist.".
[06:46:40.828 I] Load[scripts/wo1/bookname_load.lua]:	[WO1]               A blank page means substring substitution is not
[06:46:40.829 I] Load[scripts/wo1/bookname_load.lua]:	[WO1]               enough either; the vanilla heading means the write
[06:46:40.829 I] Load[scripts/wo1/bookname_load.lua]:	[WO1]               never reached the running session - Layer 3 says
[06:46:40.830 I] Load[scripts/wo1/bookname_load.lua]:	[WO1]               which of the two it is.
[06:46:40.831 I] Load[scripts/wo1/bookname_load.lua]:	[WO1] 
[06:46:40.831 I] Load[scripts/wo1/bookname_load.lua]:	[WO1] === Layer 1 complete. Layer 2 readback runs when a game starts. ===
[06:46:40.868 V] Enchantment "test magic axe": dropping unexpected skill argument of "FortifyMaximumMagicka" effect
[06:46:42.073 I] Using 1 async physics threads
[06:46:42.076 I] Using D:\Backups\OneDrive\All\Documents\My Games\OpenMW\dev\navmesh.db to store navigation mesh cache
[06:46:42.080 I] Reserving texture units for shadow maps: 1c..1f
[06:46:42.081 V] Using idle priority for thread=34032
[06:46:42.084 I] Reserving texture unit for opaque depth texture: 1b
[06:46:42.086 V] Disabling Multiview (disabled by config)
[06:46:42.111 I] Initialized compute shader pipeline for water ripples
[06:46:42.121 V] Language file "l10n/Interface/gmst.yaml" is enabled
[06:46:42.122 V] Language file "l10n/Interface/en.yaml" is enabled
[06:46:42.182 V] Language file "l10n/OMWEngine/gmst.yaml" is enabled
[06:46:42.186 V] Language file "l10n/OMWEngine/en.yaml" is enabled
[06:46:42.260 V] Language file "l10n/OMWShaders/en.yaml" is enabled
[06:46:42.295 V] Language file "l10n/OMWCamera/en.yaml" is enabled
[06:46:42.300 V] Language file "l10n/OMWControls/en.yaml" is enabled
[06:46:42.302 V] Language file "l10n/interface/gmst.yaml" is enabled
[06:46:42.303 V] Language file "l10n/interface/en.yaml" is enabled
[06:46:42.306 V] Language file "l10n/Calendar/gmst.yaml" is enabled
[06:46:42.308 V] Language file "l10n/Calendar/en.yaml" is enabled
[06:46:42.310 V] Language file "l10n/OMWCombat/en.yaml" is enabled
[06:46:42.312 V] Language file "l10n/OMWMusic/en.yaml" is enabled
[06:46:42.320 I] Playing "music/special/morrowind title.mp3"
[06:46:42.328 E] Could not load technique, file does not exist 'shaders/ssao_hq.omwfx'
[06:46:42.330 E] Could not load technique, file does not exist 'shaders/underwater_interior_effects.omwfx'
[06:46:42.330 E] Could not load technique, file does not exist 'shaders/underwater_effects.omwfx'
[06:46:42.331 E] Could not load technique, file does not exist 'shaders/clouds.omwfx'
[06:46:42.331 E] Could not load technique, file does not exist 'shaders/godrays.omwfx'
[06:46:42.334 E] Could not load technique, file does not exist 'shaders/hdr.omwfx'
[06:46:42.334 E] Could not load technique, file does not exist 'shaders/followeraa.omwfx'
[06:46:42.335 E] Could not load technique, file does not exist 'shaders/war_adjustments.omwfx'
[06:47:00.299 I] Reading save file SPIKE1.omwsave
[06:47:00.370 I] Loading saved game 'SPIKE1' for character 'SPIKE'
[06:47:00.416 I] Warning: lookoutScript[local variables] line 41, column 37 (=): invalid operator =, treating it as ==
[06:47:00.484 V] Language file "l10n/Mechanics/gmst.yaml" is enabled
[06:47:00.961 I] Loading cell Seyda Neen (-2, -9)
[06:47:00.973 V] Controller R2_Claw02 present more than once in meshes/r/xsiltstrider.kf, ignoring later version
[06:47:01.069 I] Loading cell Bitter Coast Region (-2, -8)
[06:47:01.088 I] Loading cell Bitter Coast Region (-1, -9)
[06:47:01.096 I] Loading cell Bitter Coast Region (-3, -9)
[06:47:01.132 I] Loading cell Seyda Neen (-2, -10)
[06:47:01.155 I] Loading cell Ascadian Isles Region (-1, -8)
[06:47:01.185 I] Loading cell Bitter Coast Region (-3, -8)
[06:47:01.192 I] Loading cell Bitter Coast Region (-1, -10)
[06:47:01.198 I] Loading cell Bitter Coast Region (-3, -10)
[06:47:01.276 I] Warning: lookoutScript line 41, column 37 (=): invalid operator =, treating it as ==
[06:47:01.280 I] Warning: fallingScript line 46, column 6 (endif): endif without matching if/elseif
[06:47:01.430 I] Global[scripts/wo1/bookname_readback.lua]:	[WO1] 
[06:47:01.431 I] Global[scripts/wo1/bookname_readback.lua]:	[WO1] === LAYER 2: independent readback from a GLOBAL script ===
[06:47:01.432 I] Global[scripts/wo1/bookname_readback.lua]:	[WO1]   store     : types.Book.records
[06:47:01.432 I] Global[scripts/wo1/bookname_readback.lua]:	[WO1]   record id : bk_BriefHistoryEmpire1
[06:47:01.434 I] Global[scripts/wo1/bookname_readback.lua]:	[WO1] 
[06:47:01.434 I] Global[scripts/wo1/bookname_readback.lua]:	[WO1]   P1 name   : PROBE_BOOKNAME_OK
[06:47:01.434 I] Global[scripts/wo1/bookname_readback.lua]:	[WO1]   RESULT P1 : SENTINEL_PRESENT  readback_global=true
[06:47:01.435 I] Global[scripts/wo1/bookname_readback.lua]:	[WO1] 
[06:47:01.435 I] Global[scripts/wo1/bookname_readback.lua]:	[WO1]   P2 length : 5403
[06:47:01.436 I] Global[scripts/wo1/bookname_readback.lua]:	[WO1]   P2 head   : <DIV ALIGN="CENTER"><FONT COLOR="000000" SIZE="3" FACE="Magi ...(5403 chars)
[06:47:01.437 I] Global[scripts/wo1/bookname_readback.lua]:	[WO1]   "Empire": 0  "Domain": 2  marker: 1  markup head intact: true
[06:47:01.437 I] Global[scripts/wo1/bookname_readback.lua]:	[WO1]   RESULT P2 : SUBSTITUTION_PRESENT_MARKUP_INTACT  readback_global=true
[06:47:01.438 I] Global[scripts/wo1/bookname_readback.lua]:	[WO1] 
[06:47:01.438 I] Global[scripts/wo1/bookname_readback.lua]:	[WO1]   Neither layer can see the screen. The page render and the item
[06:47:01.439 I] Global[scripts/wo1/bookname_readback.lua]:	[WO1]   name in the inventory are the on-screen checks, and they are the
[06:47:01.440 I] Global[scripts/wo1/bookname_readback.lua]:	[WO1]   ones that decide.
[06:47:01.440 I] Global[scripts/wo1/bookname_readback.lua]:	[WO1] === Layer 2 complete ===
[06:47:01.463 I] L@0x1[scripts/wo1/bookname_hud.lua]:	[WO1] 
[06:47:01.463 I] L@0x1[scripts/wo1/bookname_hud.lua]:	[WO1] === LAYER 3: read from the PLAYER context of the live session ===
[06:47:01.464 I] L@0x1[scripts/wo1/bookname_hud.lua]:	[WO1]   WO1 name: PROBE_BOOKNAME_OK
[06:47:01.464 I] L@0x1[scripts/wo1/bookname_hud.lua]:	[WO1]   WO1 text: PROBE TEXT OK -- Domain Hist. Part One by Stronach k'Thojj I
[06:47:01.465 I] L@0x1[scripts/wo1/bookname_hud.lua]:	[WO1]   text length: 5403
[06:47:02.477 I] Playing "music/explore/mx_explore_7.mp3"
[06:48:42.258 I] Saving shader settings file: D:\Backups\OneDrive\All\Documents\My Games\OpenMW\dev\shaders.yaml
[06:48:42.260 I] Saving Lua storage "D:\Backups\OneDrive\All\Documents\My Games\OpenMW\dev\global_storage.bin" (8c bytes)
[06:48:42.261 I] Saving Lua storage "D:\Backups\OneDrive\All\Documents\My Games\OpenMW\dev\player_storage.bin" (331 bytes)
[06:48:42.462 I] Saved input bindings: D:\Backups\OneDrive\All\Documents\My Games\OpenMW\dev\input_v3.xml
[06:48:42.622 I] Quitting peacefully.
